Q(x) :- R(x, 4), R('ADBS', 4), R(u, 12), S('ADBS', 12, 7)