Q(x, z) :- R(4, z), T(12, 'x'), S(x, 4), T(14, 'y')