1, 9, 'adbs', 1, 'smith', 8
2, 7, 'anlp', 2, 'anka', 2
4, 2, 'ids', 4, 'rhcp', 3
5, 0, 'sdp', 5, 'bowie', 4
8, 1, 'mlpr', 8, 'pistols', 5
8, 9, 'rl', 8, 'pistols', 5
8, 9, 'ppls', 8, 'pistols', 5